17:22:25 **** Incremental Build of configuration Debug for project LoRA ****
make -j8 all 
arm-none-eabi-gcc "../Core/Src/main.c" -mcpu=cortex-m4 -std=gnu11 -g3 -DDEBUG -DUSE_HAL_DRIVER -DSTM32F401xC -c -I../Core/Inc -I../Drivers/STM32F4xx_HAL_Driver/Inc -I../Drivers/STM32F4xx_HAL_Driver/Inc/Legacy -I../Drivers/CMSIS/Device/ST/STM32F4xx/Include -I../Drivers/CMSIS/Include -I"E:/Projecrs/SX1278_ LoRa/LoRA/Sensor" -O0 -ffunction-sections -fdata-sections -Wall -fstack-usage -fcyclomatic-complexity -MMD -MP -MF"Core/Src/main.d" -MT"Core/Src/main.o" --specs=nano.specs -mfpu=fpv4-sp-d16 -mfloat-abi=hard -mthumb -o "Core/Src/main.o"
arm-none-eabi-gcc -o "LoRA.elf" @"objects.list"   -mcpu=cortex-m4 -T"E:\Projecrs\SX1278_ LoRa\LoRA\STM32F401RCTX_FLASH.ld" --specs=nosys.specs -Wl,-Map="LoRA.map" -Wl,--gc-sections -static --specs=nano.specs -mfpu=fpv4-sp-d16 -mfloat-abi=hard -mthumb -Wl,--start-group -lc -lm -Wl,--end-group
Finished building target: LoRA.elf
 
arm-none-eabi-size  LoRA.elf 
arm-none-eabi-objdump -h -S LoRA.elf  > "LoRA.list"
   text	   data	    bss	    dec	    hex	filename
   9612	     12	   1660	  11284	   2c14	LoRA.elf
Finished building: default.size.stdout
 
Finished building: LoRA.list
 
